// Jest Snapshot v1, https://goo.gl/fbAQLP

exports[`AppComponent must match the snapshot 1`] = `
<div
  id="root2"
>
  <router-outlet />
  
</div>
`;
